    it=  0 diff=1.09e-01 m=0.18016 chi=0.18089 mu=1.57795
    it= 10 diff=3.47e-03 m=0.21986 chi=0.18777 mu=1.70234
    it= 20 diff=9.84e-05 m=0.22016 chi=0.18809 mu=1.71506
    it= 30 diff=2.79e-06 m=0.22016 chi=0.18810 mu=1.71543
    it= 40 diff=7.91e-08 m=0.22016 chi=0.18810 mu=1.71544
host: delta=0.05  m=0.22016  chi_nn=0.18810  mu=1.71544  iters=46  diff=9.3e-09
=== d=0.05 V=0.1 ===
host: delta=0.05  m=0.2202  mu=1.7154
impurity V=0.1t on site (12,12); eta=0.01; infinite-lattice Nk=512
max|rho_imp - rho_clean| / max rho_clean per tip (infinite lattice):
  tip on impurity (0,0)  [zero by symmetry]    0.00e+00
  nn (1,0)                                     3.28e-01
  bond centre (0.5,0)                          1.25e-01
  (2,0)                                        3.83e-02
  (3,0)                                        5.71e-02
  off-axis (2,1)                               9.39e-02
  far (20,0), same sublattice                  3.39e-04
  far (19,0), other sublattice                 1.11e-03
  far bond centre (19.5,0)                     7.19e-04
  far off-axis (18,6)                          4.27e-04
  finite(24x24) vs infinite d-rho at nn (1,0)            : 4.82e-01
  finite(24x24) vs infinite d-rho at bond centre (0.5,0) : 5.04e-01
  finite(24x24) vs infinite d-rho at (2,0)               : 7.63e-01
  finite(24x24) vs infinite d-rho at (3,0)               : 8.41e-01
  finite(24x24) vs infinite d-rho at off-axis (2,1)      : 2.58e-01
strongest impurity-induced peaks (omega/t): [-0.133  0.353 -0.087]
  |drho|/rho_clean at (5,0), omega=-0.133: 3.29e-02
  |drho|/rho_clean at (10,0), omega=-0.133: 7.11e-04
  |drho|/rho_clean at (20,0), omega=-0.133: 3.29e-06
  |drho|/rho_clean at (40,0), omega=-0.133: 9.13e-09
=== d=0.05 V=0.25 ===
host: delta=0.05  m=0.2202  mu=1.7154
impurity V=0.25t on site (12,12); eta=0.01; infinite-lattice Nk=512
max|rho_imp - rho_clean| / max rho_clean per tip (infinite lattice):
  tip on impurity (0,0)  [zero by symmetry]    0.00e+00
  nn (1,0)                                     5.00e-01
  bond centre (0.5,0)                          1.89e-01
  (2,0)                                        7.99e-02
  (3,0)                                        7.47e-02
  off-axis (2,1)                               1.32e-01
  far (20,0), same sublattice                  6.94e-04
  far (19,0), other sublattice                 1.60e-03
  far bond centre (19.5,0)                     1.02e-03
  far off-axis (18,6)                          8.59e-04
  finite(24x24) vs infinite d-rho at nn (1,0)            : 2.44e-01
  finite(24x24) vs infinite d-rho at bond centre (0.5,0) : 2.56e-01
  finite(24x24) vs infinite d-rho at (2,0)               : 7.30e-01
  finite(24x24) vs infinite d-rho at (3,0)               : 8.78e-01
  finite(24x24) vs infinite d-rho at off-axis (2,1)      : 3.33e-01
strongest impurity-induced peaks (omega/t): [-0.133  0.067  0.36 ]
  |drho|/rho_clean at (5,0), omega=-0.133: 4.63e-02
  |drho|/rho_clean at (10,0), omega=-0.133: 1.29e-03
  |drho|/rho_clean at (20,0), omega=-0.133: 5.82e-06
  |drho|/rho_clean at (40,0), omega=-0.133: 1.02e-08
=== d=0.05 V=0.5 ===
host: delta=0.05  m=0.2202  mu=1.7154
impurity V=0.5t on site (12,12); eta=0.01; infinite-lattice Nk=512
max|rho_imp - rho_clean| / max rho_clean per tip (infinite lattice):
  tip on impurity (0,0)  [zero by symmetry]    0.00e+00
  nn (1,0)                                     8.19e-01
  bond centre (0.5,0)                          3.32e-01
  (2,0)                                        3.26e-01
  (3,0)                                        8.36e-02
  off-axis (2,1)                               1.43e-01
  far (20,0), same sublattice                  1.06e-03
  far (19,0), other sublattice                 1.58e-03
  far bond centre (19.5,0)                     1.21e-03
  far off-axis (18,6)                          1.27e-03
  finite(24x24) vs infinite d-rho at nn (1,0)            : 1.31e-01
  finite(24x24) vs infinite d-rho at bond centre (0.5,0) : 1.15e-01
  finite(24x24) vs infinite d-rho at (2,0)               : 2.86e-01
  finite(24x24) vs infinite d-rho at (3,0)               : 1.03e+00
  finite(24x24) vs infinite d-rho at off-axis (2,1)      : 3.62e-01
strongest impurity-induced peaks (omega/t): [ 0.153 -0.133  0.36 ]
  |drho|/rho_clean at (5,0), omega=+0.153: 7.20e-02
  |drho|/rho_clean at (10,0), omega=+0.153: 5.99e-05
  |drho|/rho_clean at (20,0), omega=+0.153: 3.98e-11
  |drho|/rho_clean at (40,0), omega=+0.153: 0.00e+00
=== d=0.05 V=1 ===
host: delta=0.05  m=0.2202  mu=1.7154
impurity V=1.0t on site (12,12); eta=0.01; infinite-lattice Nk=512
max|rho_imp - rho_clean| / max rho_clean per tip (infinite lattice):
  tip on impurity (0,0)  [zero by symmetry]    0.00e+00
  nn (1,0)                                     5.83e-01
  bond centre (0.5,0)                          2.17e-01
  (2,0)                                        5.62e-01
  (3,0)                                        9.08e-02
  off-axis (2,1)                               1.55e-01
  far (20,0), same sublattice                  1.41e-03
  far (19,0), other sublattice                 1.58e-03
  far bond centre (19.5,0)                     1.61e-03
  far off-axis (18,6)                          1.73e-03
  finite(24x24) vs infinite d-rho at nn (1,0)            : 1.62e-01
  finite(24x24) vs infinite d-rho at bond centre (0.5,0) : 1.59e-01
  finite(24x24) vs infinite d-rho at (2,0)               : 2.47e-01
  finite(24x24) vs infinite d-rho at (3,0)               : 8.62e-01
  finite(24x24) vs infinite d-rho at off-axis (2,1)      : 3.83e-01
strongest impurity-induced peaks (omega/t): [ 0.287 -0.133  0.36 ]
  |drho|/rho_clean at (5,0), omega=+0.287: 1.82e-03
  |drho|/rho_clean at (10,0), omega=+0.287: 9.33e-06
  |drho|/rho_clean at (20,0), omega=+0.287: 5.79e-10
  |drho|/rho_clean at (40,0), omega=+0.287: 0.00e+00
=== d=0.05 V=2 ===
host: delta=0.05  m=0.2202  mu=1.7154
impurity V=2.0t on site (12,12); eta=0.01; infinite-lattice Nk=512
max|rho_imp - rho_clean| / max rho_clean per tip (infinite lattice):
  tip on impurity (0,0)  [zero by symmetry]    0.00e+00
  nn (1,0)                                     6.01e-01
  bond centre (0.5,0)                          2.22e-01
  (2,0)                                        4.24e-01
  (3,0)                                        9.43e-02
  off-axis (2,1)                               1.61e-01
  far (20,0), same sublattice                  1.65e-03
  far (19,0), other sublattice                 1.82e-03
  far bond centre (19.5,0)                     1.91e-03
  far off-axis (18,6)                          2.06e-03
  finite(24x24) vs infinite d-rho at nn (1,0)            : 1.70e-01
  finite(24x24) vs infinite d-rho at bond centre (0.5,0) : 1.65e-01
  finite(24x24) vs infinite d-rho at (2,0)               : 3.48e-01
  finite(24x24) vs infinite d-rho at (3,0)               : 8.95e-01
  finite(24x24) vs infinite d-rho at off-axis (2,1)      : 4.00e-01
strongest impurity-induced peaks (omega/t): [ 0.353 -0.133  0.653]
  |drho|/rho_clean at (5,0), omega=+0.353: 1.75e-02
  |drho|/rho_clean at (10,0), omega=+0.353: 2.53e-03
  |drho|/rho_clean at (20,0), omega=+0.353: 2.68e-05
  |drho|/rho_clean at (40,0), omega=+0.353: 3.97e-09
=== d=0.05 V=3 ===
host: delta=0.05  m=0.2202  mu=1.7154
impurity V=3.0t on site (12,12); eta=0.01; infinite-lattice Nk=512
max|rho_imp - rho_clean| / max rho_clean per tip (infinite lattice):
  tip on impurity (0,0)  [zero by symmetry]    0.00e+00
  nn (1,0)                                     6.06e-01
  bond centre (0.5,0)                          2.23e-01
  (2,0)                                        2.65e-01
  (3,0)                                        9.53e-02
  off-axis (2,1)                               1.63e-01
  far (20,0), same sublattice                  1.76e-03
  far (19,0), other sublattice                 1.91e-03
  far bond centre (19.5,0)                     2.02e-03
  far off-axis (18,6)                          2.17e-03
  finite(24x24) vs infinite d-rho at nn (1,0)            : 1.66e-01
  finite(24x24) vs infinite d-rho at bond centre (0.5,0) : 1.61e-01
  finite(24x24) vs infinite d-rho at (2,0)               : 6.14e-01
  finite(24x24) vs infinite d-rho at (3,0)               : 9.01e-01
  finite(24x24) vs infinite d-rho at off-axis (2,1)      : 4.01e-01
strongest impurity-induced peaks (omega/t): [ 0.36  -0.133  0.687]
  |drho|/rho_clean at (5,0), omega=+0.360: 2.49e-02
  |drho|/rho_clean at (10,0), omega=+0.360: 3.15e-03
  |drho|/rho_clean at (20,0), omega=+0.360: 4.85e-05
  |drho|/rho_clean at (40,0), omega=+0.360: 2.81e-07
=== d=0.05 V=4 ===
host: delta=0.05  m=0.2202  mu=1.7154
impurity V=4.0t on site (12,12); eta=0.01; infinite-lattice Nk=512
max|rho_imp - rho_clean| / max rho_clean per tip (infinite lattice):
  tip on impurity (0,0)  [zero by symmetry]    0.00e+00
  nn (1,0)                                     6.09e-01
  bond centre (0.5,0)                          2.23e-01
  (2,0)                                        2.22e-01
  (3,0)                                        9.59e-02
  off-axis (2,1)                               1.64e-01
  far (20,0), same sublattice                  1.81e-03
  far (19,0), other sublattice                 1.96e-03
  far bond centre (19.5,0)                     2.07e-03
  far off-axis (18,6)                          2.22e-03
  finite(24x24) vs infinite d-rho at nn (1,0)            : 1.61e-01
  finite(24x24) vs infinite d-rho at bond centre (0.5,0) : 1.57e-01
  finite(24x24) vs infinite d-rho at (2,0)               : 7.51e-01
  finite(24x24) vs infinite d-rho at (3,0)               : 9.02e-01
  finite(24x24) vs infinite d-rho at off-axis (2,1)      : 4.00e-01
strongest impurity-induced peaks (omega/t): [-0.133  0.36   0.7  ]
  |drho|/rho_clean at (5,0), omega=-0.133: 5.13e-02
  |drho|/rho_clean at (10,0), omega=-0.133: 3.73e-03
  |drho|/rho_clean at (20,0), omega=-0.133: 1.42e-05
  |drho|/rho_clean at (40,0), omega=-0.133: 3.12e-08
