    it=  0 diff=2.20e-01 m=0.21607 chi=0.17265 mu=-0.08798
    it= 10 diff=3.53e-03 m=0.27274 chi=0.18341 mu=-0.17224
    it= 20 diff=9.99e-05 m=0.27207 chi=0.18424 mu=-0.17470
    it= 30 diff=2.83e-06 m=0.27205 chi=0.18426 mu=-0.17477
    it= 40 diff=8.00e-08 m=0.27205 chi=0.18426 mu=-0.17477
host: delta=0.0  m=0.27205  chi_nn=0.18426  mu=-0.17477  iters=46  diff=9.4e-09
=== d=0.0 V=0.1 ===
host: delta=0.0  m=0.2720  mu=-0.1748
impurity V=0.1t on site (12,12); eta=0.01; infinite-lattice Nk=512
max|rho_imp - rho_clean| / max rho_clean per tip (infinite lattice):
  tip on impurity (0,0)  [zero by symmetry]    0.00e+00
  nn (1,0)                                     9.18e-01
  bond centre (0.5,0)                          3.87e-01
  (2,0)                                        4.56e-02
  (3,0)                                        1.93e-02
  off-axis (2,1)                               1.19e-01
  far (20,0), same sublattice                  3.94e-04
  far (19,0), other sublattice                 5.11e-04
  far bond centre (19.5,0)                     4.64e-04
  far off-axis (18,6)                          4.48e-04
  finite(24x24) vs infinite d-rho at nn (1,0)            : 5.96e-02
  finite(24x24) vs infinite d-rho at bond centre (0.5,0) : 7.14e-02
  finite(24x24) vs infinite d-rho at (2,0)               : 9.04e-01
  finite(24x24) vs infinite d-rho at (3,0)               : 1.42e+00
  finite(24x24) vs infinite d-rho at off-axis (2,1)      : 1.80e-01
strongest impurity-induced peaks (omega/t): [-0.147 -0.173  0.173]
  |drho|/rho_clean at (5,0), omega=-0.147: 1.51e-02
  |drho|/rho_clean at (10,0), omega=-0.147: 2.12e-05
  |drho|/rho_clean at (20,0), omega=-0.147: 7.09e-10
  |drho|/rho_clean at (40,0), omega=-0.147: 0.00e+00
=== d=0.0 V=0.25 ===
host: delta=0.0  m=0.2720  mu=-0.1748
impurity V=0.25t on site (12,12); eta=0.01; infinite-lattice Nk=512
max|rho_imp - rho_clean| / max rho_clean per tip (infinite lattice):
  tip on impurity (0,0)  [zero by symmetry]    0.00e+00
  nn (1,0)                                     1.09e+00
  bond centre (0.5,0)                          4.52e-01
  (2,0)                                        1.69e-01
  (3,0)                                        2.40e-02
  off-axis (2,1)                               1.13e-01
  far (20,0), same sublattice                  7.93e-04
  far (19,0), other sublattice                 9.79e-04
  far bond centre (19.5,0)                     9.42e-04
  far off-axis (18,6)                          8.89e-04
  finite(24x24) vs infinite d-rho at nn (1,0)            : 5.99e-02
  finite(24x24) vs infinite d-rho at bond centre (0.5,0) : 6.59e-02
  finite(24x24) vs infinite d-rho at (2,0)               : 4.71e-01
  finite(24x24) vs infinite d-rho at (3,0)               : 1.35e+00
  finite(24x24) vs infinite d-rho at off-axis (2,1)      : 2.79e-01
strongest impurity-induced peaks (omega/t): [-0.087 -0.173  0.173]
  |drho|/rho_clean at (5,0), omega=-0.087: 3.15e-02
  |drho|/rho_clean at (10,0), omega=-0.087: 1.20e-06
  |drho|/rho_clean at (20,0), omega=-0.087: 6.25e-11
  |drho|/rho_clean at (40,0), omega=-0.087: 0.00e+00
=== d=0.0 V=0.5 ===
host: delta=0.0  m=0.2720  mu=-0.1748
impurity V=0.5t on site (12,12); eta=0.01; infinite-lattice Nk=512
max|rho_imp - rho_clean| / max rho_clean per tip (infinite lattice):
  tip on impurity (0,0)  [zero by symmetry]    0.00e+00
  nn (1,0)                                     9.08e-01
  bond centre (0.5,0)                          3.58e-01
  (2,0)                                        3.44e-01
  (3,0)                                        2.89e-02
  off-axis (2,1)                               1.07e-01
  far (20,0), same sublattice                  1.18e-03
  far (19,0), other sublattice                 1.38e-03
  far bond centre (19.5,0)                     1.38e-03
  far off-axis (18,6)                          1.34e-03
  finite(24x24) vs infinite d-rho at nn (1,0)            : 7.68e-02
  finite(24x24) vs infinite d-rho at bond centre (0.5,0) : 7.48e-02
  finite(24x24) vs infinite d-rho at (2,0)               : 3.13e-01
  finite(24x24) vs infinite d-rho at (3,0)               : 1.57e+00
  finite(24x24) vs infinite d-rho at off-axis (2,1)      : 3.49e-01
strongest impurity-induced peaks (omega/t): [ 0.013 -0.173  0.173]
  |drho|/rho_clean at (5,0), omega=+0.013: 1.72e-02
  |drho|/rho_clean at (10,0), omega=+0.013: 2.21e-06
  |drho|/rho_clean at (20,0), omega=+0.013: 1.27e-12
  |drho|/rho_clean at (40,0), omega=+0.013: 0.00e+00
=== d=0.0 V=1 ===
host: delta=0.0  m=0.2720  mu=-0.1748
impurity V=1.0t on site (12,12); eta=0.01; infinite-lattice Nk=512
max|rho_imp - rho_clean| / max rho_clean per tip (infinite lattice):
  tip on impurity (0,0)  [zero by symmetry]    0.00e+00
  nn (1,0)                                     5.41e-01
  bond centre (0.5,0)                          2.93e-01
  (2,0)                                        5.20e-01
  (3,0)                                        3.39e-02
  off-axis (2,1)                               1.04e-01
  far (20,0), same sublattice                  1.54e-03
  far (19,0), other sublattice                 1.80e-03
  far bond centre (19.5,0)                     1.76e-03
  far off-axis (18,6)                          1.74e-03
  finite(24x24) vs infinite d-rho at nn (1,0)            : 1.36e-01
  finite(24x24) vs infinite d-rho at bond centre (0.5,0) : 8.61e-02
  finite(24x24) vs infinite d-rho at (2,0)               : 2.79e-01
  finite(24x24) vs infinite d-rho at (3,0)               : 1.71e+00
  finite(24x24) vs infinite d-rho at off-axis (2,1)      : 3.89e-01
strongest impurity-induced peaks (omega/t): [ 0.12  -0.173  1.32 ]
  |drho|/rho_clean at (5,0), omega=+0.120: 8.55e-04
  |drho|/rho_clean at (10,0), omega=+0.120: 6.88e-05
  |drho|/rho_clean at (20,0), omega=+0.120: 2.02e-09
  |drho|/rho_clean at (40,0), omega=+0.120: 0.00e+00
=== d=0.0 V=2 ===
host: delta=0.0  m=0.2720  mu=-0.1748
impurity V=2.0t on site (12,12); eta=0.01; infinite-lattice Nk=512
max|rho_imp - rho_clean| / max rho_clean per tip (infinite lattice):
  tip on impurity (0,0)  [zero by symmetry]    0.00e+00
  nn (1,0)                                     5.40e-01
  bond centre (0.5,0)                          2.31e-01
  (2,0)                                        3.89e-01
  (3,0)                                        3.97e-02
  off-axis (2,1)                               1.02e-01
  far (20,0), same sublattice                  1.83e-03
  far (19,0), other sublattice                 2.07e-03
  far bond centre (19.5,0)                     2.08e-03
  far off-axis (18,6)                          2.01e-03
  finite(24x24) vs infinite d-rho at nn (1,0)            : 1.38e-01
  finite(24x24) vs infinite d-rho at bond centre (0.5,0) : 1.08e-01
  finite(24x24) vs infinite d-rho at (2,0)               : 4.25e-01
  finite(24x24) vs infinite d-rho at (3,0)               : 1.59e+00
  finite(24x24) vs infinite d-rho at off-axis (2,1)      : 4.51e-01
strongest impurity-induced peaks (omega/t): [-0.173  0.173 -0.387]
  |drho|/rho_clean at (5,0), omega=-0.173: 7.51e-03
  |drho|/rho_clean at (10,0), omega=-0.173: 2.50e-04
  |drho|/rho_clean at (20,0), omega=-0.173: 2.32e-06
  |drho|/rho_clean at (40,0), omega=-0.173: 7.86e-09
=== d=0.0 V=3 ===
host: delta=0.0  m=0.2720  mu=-0.1748
impurity V=3.0t on site (12,12); eta=0.01; infinite-lattice Nk=512
max|rho_imp - rho_clean| / max rho_clean per tip (infinite lattice):
  tip on impurity (0,0)  [zero by symmetry]    0.00e+00
  nn (1,0)                                     5.40e-01
  bond centre (0.5,0)                          2.32e-01
  (2,0)                                        2.98e-01
  (3,0)                                        4.19e-02
  off-axis (2,1)                               1.01e-01
  far (20,0), same sublattice                  1.95e-03
  far (19,0), other sublattice                 2.17e-03
  far bond centre (19.5,0)                     2.23e-03
  far off-axis (18,6)                          2.11e-03
  finite(24x24) vs infinite d-rho at nn (1,0)            : 1.38e-01
  finite(24x24) vs infinite d-rho at bond centre (0.5,0) : 1.07e-01
  finite(24x24) vs infinite d-rho at (2,0)               : 5.73e-01
  finite(24x24) vs infinite d-rho at (3,0)               : 1.47e+00
  finite(24x24) vs infinite d-rho at off-axis (2,1)      : 4.70e-01
strongest impurity-induced peaks (omega/t): [ 0.173 -0.173 -0.387]
  |drho|/rho_clean at (5,0), omega=+0.173: 7.40e-03
  |drho|/rho_clean at (10,0), omega=+0.173: 4.38e-04
  |drho|/rho_clean at (20,0), omega=+0.173: 2.39e-05
  |drho|/rho_clean at (40,0), omega=+0.173: 1.13e-08
=== d=0.0 V=4 ===
host: delta=0.0  m=0.2720  mu=-0.1748
impurity V=4.0t on site (12,12); eta=0.01; infinite-lattice Nk=512
max|rho_imp - rho_clean| / max rho_clean per tip (infinite lattice):
  tip on impurity (0,0)  [zero by symmetry]    0.00e+00
  nn (1,0)                                     5.40e-01
  bond centre (0.5,0)                          2.32e-01
  (2,0)                                        2.47e-01
  (3,0)                                        4.31e-02
  off-axis (2,1)                               1.01e-01
  far (20,0), same sublattice                  2.01e-03
  far (19,0), other sublattice                 2.22e-03
  far bond centre (19.5,0)                     2.30e-03
  far off-axis (18,6)                          2.16e-03
  finite(24x24) vs infinite d-rho at nn (1,0)            : 1.38e-01
  finite(24x24) vs infinite d-rho at bond centre (0.5,0) : 1.06e-01
  finite(24x24) vs infinite d-rho at (2,0)               : 7.01e-01
  finite(24x24) vs infinite d-rho at (3,0)               : 1.39e+00
  finite(24x24) vs infinite d-rho at off-axis (2,1)      : 4.79e-01
strongest impurity-induced peaks (omega/t): [ 0.173 -0.173 -0.38 ]
  |drho|/rho_clean at (5,0), omega=+0.173: 7.40e-03
  |drho|/rho_clean at (10,0), omega=+0.173: 1.53e-04
  |drho|/rho_clean at (20,0), omega=+0.173: 1.95e-05
  |drho|/rho_clean at (40,0), omega=+0.173: 1.39e-08
