    it=  0 diff=1.07e-01 m=0.14711 chi=0.18403 mu=1.44129
    it= 10 diff=3.39e-03 m=0.16154 chi=0.19114 mu=1.70808
    it= 20 diff=1.15e-04 m=0.16267 chi=0.19124 mu=1.71101
    it= 30 diff=4.04e-06 m=0.16271 chi=0.19124 mu=1.71105
    it= 40 diff=1.44e-07 m=0.16271 chi=0.19124 mu=1.71105
host: delta=0.1  m=0.16271  chi_nn=0.19124  mu=1.71105  iters=49  diff=7.3e-09
=== d=0.10 V=0.1 ===
host: delta=0.1  m=0.1627  mu=1.7110
impurity V=0.1t on site (12,12); eta=0.01; infinite-lattice Nk=512
max|rho_imp - rho_clean| / max rho_clean per tip (infinite lattice):
  tip on impurity (0,0)  [zero by symmetry]    0.00e+00
  nn (1,0)                                     2.65e-01
  bond centre (0.5,0)                          9.91e-02
  (2,0)                                        4.00e-02
  (3,0)                                        5.58e-02
  off-axis (2,1)                               8.25e-02
  far (20,0), same sublattice                  3.51e-04
  far (19,0), other sublattice                 1.85e-03
  far bond centre (19.5,0)                     1.01e-03
  far off-axis (18,6)                          4.36e-04
  finite(24x24) vs infinite d-rho at nn (1,0)            : 5.29e-01
  finite(24x24) vs infinite d-rho at bond centre (0.5,0) : 5.85e-01
  finite(24x24) vs infinite d-rho at (2,0)               : 1.31e+00
  finite(24x24) vs infinite d-rho at (3,0)               : 8.97e-01
  finite(24x24) vs infinite d-rho at off-axis (2,1)      : 4.59e-01
strongest impurity-induced peaks (omega/t): [-0.147  0.333 -0.093]
  |drho|/rho_clean at (5,0), omega=-0.147: 3.36e-02
  |drho|/rho_clean at (10,0), omega=-0.147: 1.48e-03
  |drho|/rho_clean at (20,0), omega=-0.147: 3.21e-05
  |drho|/rho_clean at (40,0), omega=-0.147: 6.91e-07
=== d=0.10 V=0.25 ===
host: delta=0.1  m=0.1627  mu=1.7110
impurity V=0.25t on site (12,12); eta=0.01; infinite-lattice Nk=512
max|rho_imp - rho_clean| / max rho_clean per tip (infinite lattice):
  tip on impurity (0,0)  [zero by symmetry]    0.00e+00
  nn (1,0)                                     4.51e-01
  bond centre (0.5,0)                          1.67e-01
  (2,0)                                        6.17e-02
  (3,0)                                        8.83e-02
  off-axis (2,1)                               1.30e-01
  far (20,0), same sublattice                  7.38e-04
  far (19,0), other sublattice                 3.34e-03
  far bond centre (19.5,0)                     1.91e-03
  far off-axis (18,6)                          9.30e-04
  finite(24x24) vs infinite d-rho at nn (1,0)            : 4.98e-01
  finite(24x24) vs infinite d-rho at bond centre (0.5,0) : 5.25e-01
  finite(24x24) vs infinite d-rho at (2,0)               : 1.71e+00
  finite(24x24) vs infinite d-rho at (3,0)               : 1.27e+00
  finite(24x24) vs infinite d-rho at off-axis (2,1)      : 5.25e-01
strongest impurity-induced peaks (omega/t): [-0.14   0.333 -0.033]
  |drho|/rho_clean at (5,0), omega=-0.140: 5.09e-02
  |drho|/rho_clean at (10,0), omega=-0.140: 2.43e-03
  |drho|/rho_clean at (20,0), omega=-0.140: 7.14e-06
  |drho|/rho_clean at (40,0), omega=-0.140: 1.65e-07
=== d=0.10 V=0.5 ===
host: delta=0.1  m=0.1627  mu=1.7110
impurity V=0.5t on site (12,12); eta=0.01; infinite-lattice Nk=512
max|rho_imp - rho_clean| / max rho_clean per tip (infinite lattice):
  tip on impurity (0,0)  [zero by symmetry]    0.00e+00
  nn (1,0)                                     5.60e-01
  bond centre (0.5,0)                          2.37e-01
  (2,0)                                        2.39e-01
  (3,0)                                        1.07e-01
  off-axis (2,1)                               1.57e-01
  far (20,0), same sublattice                  1.12e-03
  far (19,0), other sublattice                 4.11e-03
  far bond centre (19.5,0)                     2.09e-03
  far off-axis (18,6)                          1.43e-03
  finite(24x24) vs infinite d-rho at nn (1,0)            : 3.34e-01
  finite(24x24) vs infinite d-rho at bond centre (0.5,0) : 2.76e-01
  finite(24x24) vs infinite d-rho at (2,0)               : 7.12e-01
  finite(24x24) vs infinite d-rho at (3,0)               : 1.13e+00
  finite(24x24) vs infinite d-rho at off-axis (2,1)      : 4.72e-01
strongest impurity-induced peaks (omega/t): [ 0.18  -0.14   0.333]
  |drho|/rho_clean at (5,0), omega=+0.180: 2.83e-01
  |drho|/rho_clean at (10,0), omega=+0.180: 7.88e-05
  |drho|/rho_clean at (20,0), omega=+0.180: 4.12e-09
  |drho|/rho_clean at (40,0), omega=+0.180: 2.24e-15
=== d=0.10 V=1 ===
host: delta=0.1  m=0.1627  mu=1.7110
impurity V=1.0t on site (12,12); eta=0.01; infinite-lattice Nk=512
max|rho_imp - rho_clean| / max rho_clean per tip (infinite lattice):
  tip on impurity (0,0)  [zero by symmetry]    0.00e+00
  nn (1,0)                                     5.78e-01
  bond centre (0.5,0)                          2.11e-01
  (2,0)                                        5.45e-01
  (3,0)                                        1.19e-01
  off-axis (2,1)                               1.74e-01
  far (20,0), same sublattice                  1.56e-03
  far (19,0), other sublattice                 4.47e-03
  far bond centre (19.5,0)                     1.88e-03
  far off-axis (18,6)                          1.97e-03
  finite(24x24) vs infinite d-rho at nn (1,0)            : 2.46e-01
  finite(24x24) vs infinite d-rho at bond centre (0.5,0) : 2.37e-01
  finite(24x24) vs infinite d-rho at (2,0)               : 3.99e-01
  finite(24x24) vs infinite d-rho at (3,0)               : 1.08e+00
  finite(24x24) vs infinite d-rho at off-axis (2,1)      : 4.71e-01
strongest impurity-induced peaks (omega/t): [ 0.293 -0.14   0.333]
  |drho|/rho_clean at (5,0), omega=+0.293: 7.26e-03
  |drho|/rho_clean at (10,0), omega=+0.293: 3.54e-04
  |drho|/rho_clean at (20,0), omega=+0.293: 1.64e-10
  |drho|/rho_clean at (40,0), omega=+0.293: 1.29e-16
=== d=0.10 V=2 ===
host: delta=0.1  m=0.1627  mu=1.7110
impurity V=2.0t on site (12,12); eta=0.01; infinite-lattice Nk=512
max|rho_imp - rho_clean| / max rho_clean per tip (infinite lattice):
  tip on impurity (0,0)  [zero by symmetry]    0.00e+00
  nn (1,0)                                     6.02e-01
  bond centre (0.5,0)                          2.17e-01
  (2,0)                                        2.70e-01
  (3,0)                                        1.24e-01
  off-axis (2,1)                               1.83e-01
  far (20,0), same sublattice                  2.81e-03
  far (19,0), other sublattice                 4.61e-03
  far bond centre (19.5,0)                     3.53e-03
  far off-axis (18,6)                          3.29e-03
  finite(24x24) vs infinite d-rho at nn (1,0)            : 2.44e-01
  finite(24x24) vs infinite d-rho at bond centre (0.5,0) : 2.38e-01
  finite(24x24) vs infinite d-rho at (2,0)               : 8.51e-01
  finite(24x24) vs infinite d-rho at (3,0)               : 9.67e-01
  finite(24x24) vs infinite d-rho at off-axis (2,1)      : 4.81e-01
strongest impurity-induced peaks (omega/t): [-0.14   0.34   0.753]
  |drho|/rho_clean at (5,0), omega=-0.140: 6.04e-02
  |drho|/rho_clean at (10,0), omega=-0.140: 6.66e-03
  |drho|/rho_clean at (20,0), omega=-0.140: 2.78e-06
  |drho|/rho_clean at (40,0), omega=-0.140: 3.86e-07
=== d=0.10 V=3 ===
host: delta=0.1  m=0.1627  mu=1.7110
impurity V=3.0t on site (12,12); eta=0.01; infinite-lattice Nk=512
max|rho_imp - rho_clean| / max rho_clean per tip (infinite lattice):
  tip on impurity (0,0)  [zero by symmetry]    0.00e+00
  nn (1,0)                                     6.09e-01
  bond centre (0.5,0)                          2.19e-01
  (2,0)                                        1.78e-01
  (3,0)                                        1.25e-01
  off-axis (2,1)                               1.87e-01
  far (20,0), same sublattice                  2.21e-03
  far (19,0), other sublattice                 4.63e-03
  far bond centre (19.5,0)                     3.04e-03
  far off-axis (18,6)                          3.27e-03
  finite(24x24) vs infinite d-rho at nn (1,0)            : 2.53e-01
  finite(24x24) vs infinite d-rho at bond centre (0.5,0) : 2.41e-01
  finite(24x24) vs infinite d-rho at (2,0)               : 1.35e+00
  finite(24x24) vs infinite d-rho at (3,0)               : 9.35e-01
  finite(24x24) vs infinite d-rho at off-axis (2,1)      : 4.68e-01
strongest impurity-induced peaks (omega/t): [-0.14   0.34   0.807]
  |drho|/rho_clean at (5,0), omega=-0.140: 6.06e-02
  |drho|/rho_clean at (10,0), omega=-0.140: 6.95e-03
  |drho|/rho_clean at (20,0), omega=-0.140: 4.47e-07
  |drho|/rho_clean at (40,0), omega=-0.140: 3.91e-07
=== d=0.10 V=4 ===
host: delta=0.1  m=0.1627  mu=1.7110
impurity V=4.0t on site (12,12); eta=0.01; infinite-lattice Nk=512
max|rho_imp - rho_clean| / max rho_clean per tip (infinite lattice):
  tip on impurity (0,0)  [zero by symmetry]    0.00e+00
  nn (1,0)                                     6.11e-01
  bond centre (0.5,0)                          2.19e-01
  (2,0)                                        1.48e-01
  (3,0)                                        1.25e-01
  off-axis (2,1)                               1.89e-01
  far (20,0), same sublattice                  2.07e-03
  far (19,0), other sublattice                 4.65e-03
  far bond centre (19.5,0)                     2.86e-03
  far off-axis (18,6)                          2.81e-03
  finite(24x24) vs infinite d-rho at nn (1,0)            : 2.40e-01
  finite(24x24) vs infinite d-rho at bond centre (0.5,0) : 2.27e-01
  finite(24x24) vs infinite d-rho at (2,0)               : 1.65e+00
  finite(24x24) vs infinite d-rho at (3,0)               : 9.42e-01
  finite(24x24) vs infinite d-rho at off-axis (2,1)      : 4.60e-01
strongest impurity-induced peaks (omega/t): [-0.14   0.34   0.833]
  |drho|/rho_clean at (5,0), omega=-0.140: 6.06e-02
  |drho|/rho_clean at (10,0), omega=-0.140: 7.04e-03
  |drho|/rho_clean at (20,0), omega=-0.140: 8.92e-07
  |drho|/rho_clean at (40,0), omega=-0.140: 3.90e-07
